[debug] [2026-03-13T00:16:10.084Z] ----------------------------------------------------------------------
[debug] [2026-03-13T00:16:10.087Z] Command:       /usr/local/nvm/versions/node/v24.14.0/bin/node /usr/local/node_packages/node_modules/.bin/firebase init
[debug] [2026-03-13T00:16:10.087Z] CLI Version:   14.26.0
[debug] [2026-03-13T00:16:10.088Z] Platform:      linux
[debug] [2026-03-13T00:16:10.088Z] Node Version:  v24.14.0
[debug] [2026-03-13T00:16:10.088Z] Time:          Fri Mar 13 2026 00:16:10 GMT+0000 (Coordinated Universal Time)
[debug] [2026-03-13T00:16:10.088Z] ----------------------------------------------------------------------
[debug] 
[info] 
     ######## #### ########  ######## ########     ###     ######  ########
     ##        ##  ##     ## ##       ##     ##  ##   ##  ##       ##
     ######    ##  ########  ######   ########  #########  ######  ######
     ##        ##  ##    ##  ##       ##     ## ##     ##       ## ##
     ##       #### ##     ## ######## ########  ##     ##  ######  ########

You're about to initialize a Firebase project in this directory:

  /home/e42xec/scramjet

[info] 
=== Project Setup
[info] 
[info] First, let's associate this project directory with a Firebase project.
[info] You can create multiple project aliases by running firebase use --add, 
[info] 
[info] i  If you want to create a project in a Google Cloud organization or folder, please use "firebase projects:create" instead, and return to this command when you've created the project. 
[debug] [2026-03-13T00:16:58.266Z] > command requires scopes: ["email","openid","https://www.googleapis.com/auth/cloudplatformprojects.readonly","https://www.googleapis.com/auth/firebase","https://www.googleapis.com/auth/cloud-platform"]
[debug] [2026-03-13T00:16:58.267Z] > authorizing via signed-in user (e42xec@gmail.com)
[debug] [2026-03-13T00:17:06.985Z] Checked if tokens are valid: true, expires at: 1773364557877
[debug] [2026-03-13T00:17:06.986Z] Checked if tokens are valid: true, expires at: 1773364557877
[debug] [2026-03-13T00:17:06.990Z] >>> [apiv2][query] POST https://firebase.googleapis.com/v1/projects:checkProjectId [none]
[debug] [2026-03-13T00:17:06.990Z] >>> [apiv2][body] POST https://firebase.googleapis.com/v1/projects:checkProjectId {"proposedId":"uuid230"}
[debug] [2026-03-13T00:17:07.518Z] <<< [apiv2][status] POST https://firebase.googleapis.com/v1/projects:checkProjectId 200
[debug] [2026-03-13T00:17:07.519Z] <<< [apiv2][body] POST https://firebase.googleapis.com/v1/projects:checkProjectId {"projectIdStatus":"PROJECT_ID_AVAILABLE","suggestedProjectId":"uuid230"}
[debug] [2026-03-13T00:17:15.378Z] Checked if tokens are valid: true, expires at: 1773364557877
[debug] [2026-03-13T00:17:15.378Z] Checked if tokens are valid: true, expires at: 1773364557877
[debug] [2026-03-13T00:17:15.378Z] >>> [apiv2][query] POST https://cloudresourcemanager.googleapis.com/v1/projects [none]
[debug] [2026-03-13T00:17:15.378Z] >>> [apiv2][body] POST https://cloudresourcemanager.googleapis.com/v1/projects {"projectId":"uuid230","name":"id=uu230"}
[debug] [2026-03-13T00:17:15.612Z] <<< [apiv2][status] POST https://cloudresourcemanager.googleapis.com/v1/projects 400
[debug] [2026-03-13T00:17:15.612Z] <<< [apiv2][body] POST https://cloudresourcemanager.googleapis.com/v1/projects {"error":{"code":400,"message":"field [display_name] has issue [project display name contains invalid characters]","status":"INVALID_ARGUMENT","details":[{"@type":"type.googleapis.com/google.rpc.BadRequest","fieldViolations":[{"field":"display_name","description":"project display name contains invalid characters"}]},{"@type":"type.googleapis.com/google.rpc.Help","links":[{"url":"https://cloud.google.com/resource-manager/reference/rest/v1/projects"}]}]}}
[debug] [2026-03-13T00:17:15.630Z] FirebaseError: Request to https://cloudresourcemanager.googleapis.com/v1/projects had HTTP Error: 400, field [display_name] has issue [project display name contains invalid characters]
    at responseToError (/usr/local/node_packages/node_modules/firebase-tools/lib/responseToError.js:53:12)
    at RetryOperation._fn (/usr/local/node_packages/node_modules/firebase-tools/lib/apiv2.js:322:77)
    at process.processTicksAndRejections (node:internal/process/task_queues:104:5)
[error] 
[error] Error: Failed to create project. See firebase-debug.log for more info.
[debug] [2026-03-13T00:17:45.523Z] ----------------------------------------------------------------------
[debug] [2026-03-13T00:17:45.525Z] Command:       /usr/local/nvm/versions/node/v24.14.0/bin/node /usr/local/node_packages/node_modules/.bin/firebase init
[debug] [2026-03-13T00:17:45.526Z] CLI Version:   14.26.0
[debug] [2026-03-13T00:17:45.526Z] Platform:      linux
[debug] [2026-03-13T00:17:45.526Z] Node Version:  v24.14.0
[debug] [2026-03-13T00:17:45.526Z] Time:          Fri Mar 13 2026 00:17:45 GMT+0000 (Coordinated Universal Time)
[debug] [2026-03-13T00:17:45.526Z] ----------------------------------------------------------------------
[debug] 
[info] 
     ######## #### ########  ######## ########     ###     ######  ########
     ##        ##  ##     ## ##       ##     ##  ##   ##  ##       ##
     ######    ##  ########  ######   ########  #########  ######  ######
     ##        ##  ##    ##  ##       ##     ## ##     ##       ## ##
     ##       #### ##     ## ######## ########  ##     ##  ######  ########

You're about to initialize a Firebase project in this directory:

  /home/e42xec/scramjet

[info] 
=== Project Setup
[info] 
[info] First, let's associate this project directory with a Firebase project.
[info] You can create multiple project aliases by running firebase use --add, 
[info] 
[info] i  If you want to create a project in a Google Cloud organization or folder, please use "firebase projects:create" instead, and return to this command when you've created the project. 
[debug] [2026-03-13T00:17:56.643Z] > command requires scopes: ["email","openid","https://www.googleapis.com/auth/cloudplatformprojects.readonly","https://www.googleapis.com/auth/firebase","https://www.googleapis.com/auth/cloud-platform"]
[debug] [2026-03-13T00:17:56.644Z] > authorizing via signed-in user (e42xec@gmail.com)
[debug] [2026-03-13T00:18:10.615Z] Checked if tokens are valid: true, expires at: 1773364557877
[debug] [2026-03-13T00:18:10.615Z] Checked if tokens are valid: true, expires at: 1773364557877
[debug] [2026-03-13T00:18:10.619Z] >>> [apiv2][query] POST https://firebase.googleapis.com/v1/projects:checkProjectId [none]
[debug] [2026-03-13T00:18:10.619Z] >>> [apiv2][body] POST https://firebase.googleapis.com/v1/projects:checkProjectId {"proposedId":"fghxbe2d"}
[debug] [2026-03-13T00:18:10.912Z] <<< [apiv2][status] POST https://firebase.googleapis.com/v1/projects:checkProjectId 200
[debug] [2026-03-13T00:18:10.912Z] <<< [apiv2][body] POST https://firebase.googleapis.com/v1/projects:checkProjectId {"projectIdStatus":"PROJECT_ID_AVAILABLE","suggestedProjectId":"fghxbe2d"}
[debug] [2026-03-13T00:18:24.255Z] Checked if tokens are valid: true, expires at: 1773364557877
[debug] [2026-03-13T00:18:24.256Z] Checked if tokens are valid: true, expires at: 1773364557877
[debug] [2026-03-13T00:18:24.256Z] >>> [apiv2][query] POST https://cloudresourcemanager.googleapis.com/v1/projects [none]
[debug] [2026-03-13T00:18:24.256Z] >>> [apiv2][body] POST https://cloudresourcemanager.googleapis.com/v1/projects {"projectId":"fghxbe2d","name":"fghxbe2d"}
[debug] [2026-03-13T00:18:24.737Z] <<< [apiv2][status] POST https://cloudresourcemanager.googleapis.com/v1/projects 200
[debug] [2026-03-13T00:18:24.737Z] <<< [apiv2][body] POST https://cloudresourcemanager.googleapis.com/v1/projects {"name":"operations/create_project.global.8996775011275316105"}
[debug] [2026-03-13T00:18:24.738Z] Checked if tokens are valid: true, expires at: 1773364557877
[debug] [2026-03-13T00:18:24.739Z] Checked if tokens are valid: true, expires at: 1773364557877
[debug] [2026-03-13T00:18:24.739Z] >>> [apiv2][query] GET https://cloudresourcemanager.googleapis.com/v1/operations/create_project.global.8996775011275316105 [none]
[debug] [2026-03-13T00:18:25.753Z] <<< [apiv2][status] GET https://cloudresourcemanager.googleapis.com/v1/operations/create_project.global.8996775011275316105 200
[debug] [2026-03-13T00:18:25.753Z] <<< [apiv2][body] GET https://cloudresourcemanager.googleapis.com/v1/operations/create_project.global.8996775011275316105 {"name":"operations/create_project.global.8996775011275316105"}
[debug] [2026-03-13T00:18:26.254Z] [Project Creation Poller] Retrying task index 0
[debug] [2026-03-13T00:18:26.254Z] Checked if tokens are valid: true, expires at: 1773364557877
[debug] [2026-03-13T00:18:26.255Z] Checked if tokens are valid: true, expires at: 1773364557877
[debug] [2026-03-13T00:18:26.255Z] >>> [apiv2][query] GET https://cloudresourcemanager.googleapis.com/v1/operations/create_project.global.8996775011275316105 [none]
[debug] [2026-03-13T00:18:26.509Z] <<< [apiv2][status] GET https://cloudresourcemanager.googleapis.com/v1/operations/create_project.global.8996775011275316105 200
[debug] [2026-03-13T00:18:26.509Z] <<< [apiv2][body] GET https://cloudresourcemanager.googleapis.com/v1/operations/create_project.global.8996775011275316105 {"name":"operations/create_project.global.8996775011275316105"}
[debug] [2026-03-13T00:18:27.510Z] [Project Creation Poller] Retrying task index 0
[debug] [2026-03-13T00:18:27.510Z] Checked if tokens are valid: true, expires at: 1773364557877
[debug] [2026-03-13T00:18:27.510Z] Checked if tokens are valid: true, expires at: 1773364557877
[debug] [2026-03-13T00:18:27.510Z] >>> [apiv2][query] GET https://cloudresourcemanager.googleapis.com/v1/operations/create_project.global.8996775011275316105 [none]
[debug] [2026-03-13T00:18:27.750Z] <<< [apiv2][status] GET https://cloudresourcemanager.googleapis.com/v1/operations/create_project.global.8996775011275316105 200
[debug] [2026-03-13T00:18:27.750Z] <<< [apiv2][body] GET https://cloudresourcemanager.googleapis.com/v1/operations/create_project.global.8996775011275316105 {"name":"operations/create_project.global.8996775011275316105","metadata":{"@type":"type.googleapis.com/google.cloudresourcemanager.v1.ProjectCreationStatus","gettable":true,"ready":true},"done":true,"response":{"@type":"type.googleapis.com/google.cloudresourcemanager.v1.Project","projectNumber":"861991223755","projectId":"fghxbe2d","lifecycleState":"ACTIVE","name":"fghxbe2d","createTime":"2026-03-13T00:18:25.934033Z"}}
[debug] [2026-03-13T00:18:27.752Z] Checked if tokens are valid: true, expires at: 1773364557877
[debug] [2026-03-13T00:18:27.752Z] Checked if tokens are valid: true, expires at: 1773364557877
[debug] [2026-03-13T00:18:27.752Z] >>> [apiv2][query] POST https://firebase.googleapis.com/v1beta1/projects/fghxbe2d:addFirebase [none]
[debug] [2026-03-13T00:18:29.026Z] <<< [apiv2][status] POST https://firebase.googleapis.com/v1beta1/projects/fghxbe2d:addFirebase 403
[debug] [2026-03-13T00:18:29.026Z] <<< [apiv2][body] POST https://firebase.googleapis.com/v1beta1/projects/fghxbe2d:addFirebase {"error":{"code":403,"message":"The caller does not have permission","status":"PERMISSION_DENIED"}}
[debug] [2026-03-13T00:18:29.027Z] Request to https://firebase.googleapis.com/v1beta1/projects/fghxbe2d:addFirebase had HTTP Error: 403, The caller does not have permission
[debug] [2026-03-13T00:18:29.045Z] FirebaseError: Request to https://firebase.googleapis.com/v1beta1/projects/fghxbe2d:addFirebase had HTTP Error: 403, The caller does not have permission
    at responseToError (/usr/local/node_packages/node_modules/firebase-tools/lib/responseToError.js:53:12)
    at RetryOperation._fn (/usr/local/node_packages/node_modules/firebase-tools/lib/apiv2.js:322:77)
    at process.processTicksAndRejections (node:internal/process/task_queues:104:5)
[error] 
[error] Error: Failed to add Firebase to Google Cloud Platform project. See firebase-debug.log for more info.
